┌─────────────────────────────────────────────────┐
│                  test_section                   │
│                     varchar                     │
├─────────────────────────────────────────────────┤
│ === TEST 1: Basic Branch Isolation for Data === │
└─────────────────────────────────────────────────┘
┌───────────────────────────┬────────┬──────────┐
│           test            │ result │ expected │
│          varchar          │ int64  │  int32   │
├───────────────────────────┼────────┼──────────┤
│ Main branch initial count │      3 │        3 │
└───────────────────────────┴────────┴──────────┘
┌───────────┬─────────────┬──────────────────┐
│ branch_id │ branch_name │ head_snapshot_id │
│   int64   │   varchar   │      int64       │
├───────────┼─────────────┼──────────────────┤
│         1 │ dev_branch  │                2 │
└───────────┴─────────────┴──────────────────┘
┌───────────┬─────────────┬───────────┬──────────────────┐
│  catalog  │ branch_name │ branch_id │ head_snapshot_id │
│  varchar  │   varchar   │   int64   │      int64       │
├───────────┼─────────────┼───────────┼──────────────────┤
│ test_lake │ dev_branch  │         1 │                2 │
└───────────┴─────────────┴───────────┴──────────────────┘
┌───────────────────────────────┬────────┬──────────┐
│             test              │ result │ expected │
│            varchar            │ int64  │  int32   │
├───────────────────────────────┼────────┼──────────┤
│ Dev branch count after insert │      5 │        5 │
└───────────────────────────────┴────────┴──────────┘
┌───────────┬─────────────┬───────────┬──────────────────┐
│  catalog  │ branch_name │ branch_id │ head_snapshot_id │
│  varchar  │   varchar   │   int64   │      int64       │
├───────────┼─────────────┼───────────┼──────────────────┤
│ test_lake │ main        │         0 │                2 │
└───────────┴─────────────┴───────────┴──────────────────┘
┌─────────────────────────────────────────────────┬────────┬──────────┐
│                      test                       │ result │ expected │
│                     varchar                     │ int64  │  int32   │
├─────────────────────────────────────────────────┼────────┼──────────┤
│ Main branch count (should NOT include dev data) │      3 │        3 │
└─────────────────────────────────────────────────┴────────┴──────────┘
┌────────────────────────┐
│          info          │
│        varchar         │
├────────────────────────┤
│ Main branch employees: │
└────────────────────────┘
┌───────┬─────────┬─────────────┐
│  id   │  name   │ department  │
│ int32 │ varchar │   varchar   │
├───────┼─────────┼─────────────┤
│     1 │ Alice   │ Engineering │
│     2 │ Bob     │ Sales       │
│     3 │ Charlie │ Marketing   │
└───────┴─────────┴─────────────┘
┌───────────────────────────────────────────────────────┐
│                     test_section                      │
│                        varchar                        │
├───────────────────────────────────────────────────────┤
│ === TEST 2: Schema Changes Isolation (ADD COLUMN) === │
└───────────────────────────────────────────────────────┘
┌───────────┬─────────────┬───────────┬──────────────────┐
│  catalog  │ branch_name │ branch_id │ head_snapshot_id │
│  varchar  │   varchar   │   int64   │      int64       │
├───────────┼─────────────┼───────────┼──────────────────┤
│ test_lake │ dev_branch  │         1 │                3 │
└───────────┴─────────────┴───────────┴──────────────────┘
┌────────────────────────────────┐
│              info              │
│            varchar             │
├────────────────────────────────┤
│ Dev branch with salary column: │
└────────────────────────────────┘
┌───────┬─────────┬─────────────┬────────┐
│  id   │  name   │ department  │ salary │
│ int32 │ varchar │   varchar   │ int32  │
├───────┼─────────┼─────────────┼────────┤
│     1 │ Alice   │ Engineering │  75000 │
│     2 │ Bob     │ Sales       │  75088 │
│     3 │ Charlie │ Marketing   │  75088 │
│     4 │ Diana   │ Engineering │  75088 │
│     5 │ Eve     │ Sales       │  75088 │
└───────┴─────────┴─────────────┴────────┘
┌───────────┬─────────────┬───────────┬──────────────────┐
│  catalog  │ branch_name │ branch_id │ head_snapshot_id │
│  varchar  │   varchar   │   int64   │      int64       │
├───────────┼─────────────┼───────────┼──────────────────┤
│ test_lake │ main        │         0 │                2 │
└───────────┴─────────────┴───────────┴──────────────────┘
┌───────────────────────────────────────────────┐
│                     info                      │
│                    varchar                    │
├───────────────────────────────────────────────┤
│ Main branch columns (should NOT have salary): │
└───────────────────────────────────────────────┘
┌─────────────┐
│ column_name │
│   varchar   │
├─────────────┤
│ id          │
│ name        │
│ department  │
└─────────────┘
┌─────────────────────────────────────┐
│            test_section             │
│               varchar               │
├─────────────────────────────────────┤
│ === TEST 3: New Table Isolation === │
└─────────────────────────────────────┘
┌───────────┬─────────────┬───────────┬──────────────────┐
│  catalog  │ branch_name │ branch_id │ head_snapshot_id │
│  varchar  │   varchar   │   int64   │      int64       │
├───────────┼─────────────┼───────────┼──────────────────┤
│ test_lake │ dev_branch  │         1 │                5 │
└───────────┴─────────────┴───────────┴──────────────────┘
┌────────────────────────────┐
│            info            │
│          varchar           │
├────────────────────────────┤
│ Dev branch projects table: │
└────────────────────────────┘
┌───────┬───────────────┬─────────┐
│  id   │     name      │ lead_id │
│ int32 │    varchar    │  int32  │
├───────┼───────────────┼─────────┤
│     1 │ Project Alpha │       1 │
│     2 │ Project Beta  │       4 │
└───────┴───────────────┴─────────┘
┌───────────┬─────────────┬───────────┬──────────────────┐
│  catalog  │ branch_name │ branch_id │ head_snapshot_id │
│  varchar  │   varchar   │   int64   │      int64       │
├───────────┼─────────────┼───────────┼──────────────────┤
│ test_lake │ main        │         0 │                2 │
└───────────┴─────────────┴───────────┴──────────────────┘
┌────────────────────────┐
│          info          │
│        varchar         │
├────────────────────────┤
│ Tables on main branch: │
└────────────────────────┘
┌────────────┐
│ table_name │
│  varchar   │
├────────────┤
│ employees  │
└────────────┘
┌────────────────────────────────────────────────────┐
│                    test_section                    │
│                      varchar                       │
├────────────────────────────────────────────────────┤
│ === TEST 4: Multiple Branches from Same Parent === │
└────────────────────────────────────────────────────┘
┌───────────┬────────────────┬──────────────────┐
│ branch_id │  branch_name   │ head_snapshot_id │
│   int64   │    varchar     │      int64       │
├───────────┼────────────────┼──────────────────┤
│         2 │ feature_branch │                2 │
└───────────┴────────────────┴──────────────────┘
┌───────────┬────────────────┬───────────┬──────────────────┐
│  catalog  │  branch_name   │ branch_id │ head_snapshot_id │
│  varchar  │    varchar     │   int64   │      int64       │
├───────────┼────────────────┼───────────┼──────────────────┤
│ test_lake │ feature_branch │         2 │                2 │
└───────────┴────────────────┴───────────┴──────────────────┘
┌──────────────────────┬────────┬──────────┐
│         test         │ result │ expected │
│       varchar        │ int64  │  int32   │
├──────────────────────┼────────┼──────────┤
│ Feature branch count │      4 │        4 │
└──────────────────────┴────────┴──────────┘
┌───────────┬─────────────┬───────────┬──────────────────┐
│  catalog  │ branch_name │ branch_id │ head_snapshot_id │
│  varchar  │   varchar   │   int64   │      int64       │
├───────────┼─────────────┼───────────┼──────────────────┤
│ test_lake │ main        │         0 │                2 │
└───────────┴─────────────┴───────────┴──────────────────┘
┌───────────────────┬────────┬──────────┐
│       test        │ result │ expected │
│      varchar      │ int64  │  int32   │
├───────────────────┼────────┼──────────┤
│ Main branch count │      3 │        3 │
└───────────────────┴────────┴──────────┘
┌───────────┬─────────────┬───────────┬──────────────────┐
│  catalog  │ branch_name │ branch_id │ head_snapshot_id │
│  varchar  │   varchar   │   int64   │      int64       │
├───────────┼─────────────┼───────────┼──────────────────┤
│ test_lake │ dev_branch  │         1 │                7 │
└───────────┴─────────────┴───────────┴──────────────────┘
┌──────────────────┬────────┬──────────┐
│       test       │ result │ expected │
│     varchar      │ int64  │  int32   │
├──────────────────┼────────┼──────────┤
│ Dev branch count │      5 │        5 │
└──────────────────┴────────┴──────────┘
┌───────────┬────────────────┬───────────┬──────────────────┐
│  catalog  │  branch_name   │ branch_id │ head_snapshot_id │
│  varchar  │    varchar     │   int64   │      int64       │
├───────────┼────────────────┼───────────┼──────────────────┤
│ test_lake │ feature_branch │         2 │                3 │
└───────────┴────────────────┴───────────┴──────────────────┘
┌──────────────────────┬────────┬──────────┐
│         test         │ result │ expected │
│       varchar        │ int64  │  int32   │
├──────────────────────┼────────┼──────────┤
│ Feature branch count │      4 │        4 │
└──────────────────────┴────────┴──────────┘
┌──────────────────────────────────┐
│           test_section           │
│             varchar              │
├──────────────────────────────────┤
│ === TEST 5: Delete Isolation === │
└──────────────────────────────────┘
┌───────────┬────────────────┬───────────┬──────────────────┐
│  catalog  │  branch_name   │ branch_id │ head_snapshot_id │
│  varchar  │    varchar     │   int64   │      int64       │
├───────────┼────────────────┼───────────┼──────────────────┤
│ test_lake │ feature_branch │         2 │                3 │
└───────────┴────────────────┴───────────┴──────────────────┘
┌─────────────────────────────┬────────┬──────────┐
│            test             │ result │ expected │
│           varchar           │ int64  │  int32   │
├─────────────────────────────┼────────┼──────────┤
│ Feature branch after delete │      3 │        3 │
└─────────────────────────────┴────────┴──────────┘
┌────────────────────────────────────────┐
│                  info                  │
│                varchar                 │
├────────────────────────────────────────┤
│ Feature branch employees after delete: │
└────────────────────────────────────────┘
┌───────┬─────────┬─────────────┐
│  id   │  name   │ department  │
│ int32 │ varchar │   varchar   │
├───────┼─────────┼─────────────┤
│     1 │ Alice   │ Engineering │
│     2 │ Bob     │ Sales       │
│     6 │ Frank   │ HR          │
└───────┴─────────┴─────────────┘
┌───────────┬─────────────┬───────────┬──────────────────┐
│  catalog  │ branch_name │ branch_id │ head_snapshot_id │
│  varchar  │   varchar   │   int64   │      int64       │
├───────────┼─────────────┼───────────┼──────────────────┤
│ test_lake │ main        │         0 │                2 │
└───────────┴─────────────┴───────────┴──────────────────┘
┌───────────────────────────────┬────────┬──────────┐
│             test              │ result │ expected │
│            varchar            │ int64  │  int32   │
├───────────────────────────────┼────────┼──────────┤
│ Main branch still has Charlie │      3 │        3 │
└───────────────────────────────┴────────┴──────────┘
┌────────────────────────┬────────┬──────────┐
│          test          │ result │ expected │
│        varchar         │ int64  │  int32   │
├────────────────────────┼────────┼──────────┤
│ Charlie exists on main │      1 │        1 │
└────────────────────────┴────────┴──────────┘
┌──────────────────────────────────┐
│           test_section           │
│             varchar              │
├──────────────────────────────────┤
│ === TEST 6: Update Isolation === │
└──────────────────────────────────┘
┌───────────┬─────────────┬───────────┬──────────────────┐
│  catalog  │ branch_name │ branch_id │ head_snapshot_id │
│  varchar  │   varchar   │   int64   │      int64       │
├───────────┼─────────────┼───────────┼──────────────────┤
│ test_lake │ dev_branch  │         1 │                7 │
└───────────┴─────────────┴───────────┴──────────────────┘
┌─────────────────────────────┬───────────┬───────────┐
│            test             │  result   │ expected  │
│           varchar           │  varchar  │  varchar  │
├─────────────────────────────┼───────────┼───────────┤
│ Dev branch Alice department │ Executive │ Executive │
└─────────────────────────────┴───────────┴───────────┘
┌───────────┬─────────────┬───────────┬──────────────────┐
│  catalog  │ branch_name │ branch_id │ head_snapshot_id │
│  varchar  │   varchar   │   int64   │      int64       │
├───────────┼─────────────┼───────────┼──────────────────┤
│ test_lake │ main        │         0 │                2 │
└───────────┴─────────────┴───────────┴──────────────────┘
┌──────────────────────────────┬─────────────┬─────────────┐
│             test             │   result    │  expected   │
│           varchar            │   varchar   │   varchar   │
├──────────────────────────────┼─────────────┼─────────────┤
│ Main branch Alice department │ Engineering │ Engineering │
└──────────────────────────────┴─────────────┴─────────────┘
┌──────────────────────────────────┐
│           test_section           │
│             varchar              │
├──────────────────────────────────┤
│ === TEST 7: Branch AT Clause === │
└──────────────────────────────────┘
┌─────────────────────────┬────────┬──────────┐
│          test           │ result │ expected │
│         varchar         │ int64  │  int32   │
├─────────────────────────┼────────┼──────────┤
│ Main after adding Grace │      4 │        4 │
└─────────────────────────┴────────┴──────────┘
┌──────────────────────────────────┬────────┬──────────┐
│               test               │ result │ expected │
│             varchar              │ int64  │  int32   │
├──────────────────────────────────┼────────┼──────────┤
│ Main at version 2 (before Grace) │      3 │        3 │
└──────────────────────────────────┴────────┴──────────┘
┌────────────────────────────────┐
│          test_section          │
│            varchar             │
├────────────────────────────────┤
│ === TEST 8: Metadata State === │
└────────────────────────────────┘
┌───────────┐
│   info    │
│  varchar  │
├───────────┤
│ Branches: │
└───────────┘
┌───────────┬────────────────┬──────────────────┬──────────────────┬──────────────────┐
│ branch_id │  branch_name   │ parent_branch_id │ fork_snapshot_id │ head_snapshot_id │
│   int64   │    varchar     │      int64       │      int64       │      int64       │
├───────────┼────────────────┼──────────────────┼──────────────────┼──────────────────┤
│         0 │ main           │             NULL │             NULL │                3 │
│         1 │ dev_branch     │                0 │                2 │                8 │
│         2 │ feature_branch │                0 │                2 │                4 │
└───────────┴────────────────┴──────────────────┴──────────────────┴──────────────────┘
┌─────────────────┐
│      info       │
│     varchar     │
├─────────────────┤
│ Branch Lineage: │
└─────────────────┘
┌───────────┬────────────────────┬──────────────────────┐
│ branch_id │ ancestor_branch_id │ max_visible_snapshot │
│   int64   │       int64        │        int64         │
├───────────┼────────────────────┼──────────────────────┤
│         0 │                  0 │  9223372036854775807 │
│         1 │                  0 │                    2 │
│         1 │                  1 │  9223372036854775807 │
│         2 │                  0 │                    2 │
│         2 │                  2 │  9223372036854775807 │
└───────────┴────────────────────┴──────────────────────┘
┌─────────────┐
│    info     │
│   varchar   │
├─────────────┤
│ Data Files: │
└─────────────┘
┌───────────┬──────────────┬──────────┬────────────────┬──────────────┐
│ branch_id │ data_file_id │ table_id │ begin_snapshot │ end_snapshot │
│   int64   │    int64     │  int64   │     int64      │    int64     │
├───────────┼──────────────┼──────────┼────────────────┼──────────────┤
│         0 │            0 │        1 │              2 │         NULL │
│         0 │            1 │        1 │              3 │         NULL │
│         1 │            1 │        1 │              3 │         NULL │
│         1 │            2 │        1 │              5 │            8 │
│         1 │            4 │        2 │              7 │         NULL │
│         1 │            5 │        1 │              8 │         NULL │
│         2 │            1 │        1 │              3 │         NULL │
└───────────┴──────────────┴──────────┴────────────────┴──────────────┘
┌────────────────────────────────────────────────────┐
│                    test_section                    │
│                      varchar                       │
├────────────────────────────────────────────────────┤
│ === TEST 9: Nested Branch (Branch from Branch) === │
└────────────────────────────────────────────────────┘
┌───────────┬─────────────┬───────────┬──────────────────┐
│  catalog  │ branch_name │ branch_id │ head_snapshot_id │
│  varchar  │   varchar   │   int64   │      int64       │
├───────────┼─────────────┼───────────┼──────────────────┤
│ test_lake │ dev_branch  │         1 │                8 │
└───────────┴─────────────┴───────────┴──────────────────┘
┌───────────┬─────────────┬──────────────────┐
│ branch_id │ branch_name │ head_snapshot_id │
│   int64   │   varchar   │      int64       │
├───────────┼─────────────┼──────────────────┤
│         3 │ dev_feature │                8 │
└───────────┴─────────────┴──────────────────┘
┌───────────┬─────────────┬───────────┬──────────────────┐
│  catalog  │ branch_name │ branch_id │ head_snapshot_id │
│  varchar  │   varchar   │   int64   │      int64       │
├───────────┼─────────────┼───────────┼──────────────────┤
│ test_lake │ dev_feature │         3 │                8 │
└───────────┴─────────────┴───────────┴──────────────────┘
┌──────────────────────────────────────────────┬────────┬──────────┐
│                     test                     │ result │ expected │
│                   varchar                    │ int64  │  int32   │
├──────────────────────────────────────────────┼────────┼──────────┤
│ Dev_feature branch count (inherits from dev) │      6 │        6 │
└──────────────────────────────────────────────┴────────┴──────────┘
┌───────────┬─────────────┬───────────┬──────────────────┐
│  catalog  │ branch_name │ branch_id │ head_snapshot_id │
│  varchar  │   varchar   │   int64   │      int64       │
├───────────┼─────────────┼───────────┼──────────────────┤
│ test_lake │ dev_branch  │         1 │                8 │
└───────────┴─────────────┴───────────┴──────────────────┘
┌──────────────────────────────────────────┬────────┬──────────┐
│                   test                   │ result │ expected │
│                 varchar                  │ int64  │  int32   │
├──────────────────────────────────────────┼────────┼──────────┤
│ Dev branch count (should NOT have Henry) │      5 │        5 │
└──────────────────────────────────────────┴────────┴──────────┘
┌───────────┬─────────────┬───────────┬──────────────────┐
│  catalog  │ branch_name │ branch_id │ head_snapshot_id │
│  varchar  │   varchar   │   int64   │      int64       │
├───────────┼─────────────┼───────────┼──────────────────┤
│ test_lake │ main        │         0 │                3 │
└───────────┴─────────────┴───────────┴──────────────────┘
┌──────────────────────────────────────┬────────┬──────────┐
│                 test                 │ result │ expected │
│               varchar                │ int64  │  int32   │
├──────────────────────────────────────┼────────┼──────────┤
│ Main branch count (original + Grace) │      4 │        4 │
└──────────────────────────────────────┴────────┴──────────┘
┌────────────────────────────────────┐
│            test_section            │
│              varchar               │
├────────────────────────────────────┤
│ === TEST 10: Column Visibility === │
└────────────────────────────────────┘
┌───────────┬─────────────┬───────────┬──────────────────┐
│  catalog  │ branch_name │ branch_id │ head_snapshot_id │
│  varchar  │   varchar   │   int64   │      int64       │
├───────────┼─────────────┼───────────┼──────────────────┤
│ test_lake │ dev_branch  │         1 │                8 │
└───────────┴─────────────┴───────────┴──────────────────┘
┌─────────────────────────┬────────┬──────────┐
│          test           │ result │ expected │
│         varchar         │ int64  │  int32   │
├─────────────────────────┼────────┼──────────┤
│ Dev branch column count │      4 │        4 │
└─────────────────────────┴────────┴──────────┘
┌───────────┬─────────────┬───────────┬──────────────────┐
│  catalog  │ branch_name │ branch_id │ head_snapshot_id │
│  varchar  │   varchar   │   int64   │      int64       │
├───────────┼─────────────┼───────────┼──────────────────┤
│ test_lake │ main        │         0 │                3 │
└───────────┴─────────────┴───────────┴──────────────────┘
┌──────────────────────────┬────────┬──────────┐
│           test           │ result │ expected │
│         varchar          │ int64  │  int32   │
├──────────────────────────┼────────┼──────────┤
│ Main branch column count │      3 │        3 │
└──────────────────────────┴────────┴──────────┘
┌────────────────────────────────────────┐
│              test_section              │
│                varchar                 │
├────────────────────────────────────────┤
│ === TEST 11: Deep Branch Hierarchy === │
└────────────────────────────────────────┘
┌───────────┬─────────────┬───────────┬──────────────────┐
│  catalog  │ branch_name │ branch_id │ head_snapshot_id │
│  varchar  │   varchar   │   int64   │      int64       │
├───────────┼─────────────┼───────────┼──────────────────┤
│ test_lake │ dev_feature │         3 │                9 │
└───────────┴─────────────┴───────────┴──────────────────┘
┌───────────┬─────────────────┬──────────────────┐
│ branch_id │   branch_name   │ head_snapshot_id │
│   int64   │     varchar     │      int64       │
├───────────┼─────────────────┼──────────────────┤
│         4 │ dev_feature_sub │                9 │
└───────────┴─────────────────┴──────────────────┘
┌───────────┬─────────────────┬───────────┬──────────────────┐
│  catalog  │   branch_name   │ branch_id │ head_snapshot_id │
│  varchar  │     varchar     │   int64   │      int64       │
├───────────┼─────────────────┼───────────┼──────────────────┤
│ test_lake │ dev_feature_sub │         4 │                9 │
└───────────┴─────────────────┴───────────┴──────────────────┘
┌───────────────────────────────────────────┬────────┬──────────┐
│                   test                    │ result │ expected │
│                  varchar                  │ int64  │  int32   │
├───────────────────────────────────────────┼────────┼──────────┤
│ dev_feature_sub inherits from dev_feature │      6 │        6 │
└───────────────────────────────────────────┴────────┴──────────┘
┌──────────────────────────────┬────────┬──────────┐
│             test             │ result │ expected │
│           varchar            │ int64  │  int32   │
├──────────────────────────────┼────────┼──────────┤
│ dev_feature_sub after insert │      7 │        7 │
└──────────────────────────────┴────────┴──────────┘
┌───────────┬─────────────┬───────────┬──────────────────┐
│  catalog  │ branch_name │ branch_id │ head_snapshot_id │
│  varchar  │   varchar   │   int64   │      int64       │
├───────────┼─────────────┼───────────┼──────────────────┤
│ test_lake │ dev_feature │         3 │                9 │
└───────────┴─────────────┴───────────┴──────────────────┘
┌───────────────────────┬────────┬──────────┐
│         test          │ result │ expected │
│        varchar        │ int64  │  int32   │
├───────────────────────┼────────┼──────────┤
│ dev_feature unchanged │      6 │        6 │
└───────────────────────┴────────┴──────────┘
┌───────────┬─────────────┬───────────┬──────────────────┐
│  catalog  │ branch_name │ branch_id │ head_snapshot_id │
│  varchar  │   varchar   │   int64   │      int64       │
├───────────┼─────────────┼───────────┼──────────────────┤
│ test_lake │ dev_branch  │         1 │                8 │
└───────────┴─────────────┴───────────┴──────────────────┘
┌──────────────────────┬────────┬──────────┐
│         test         │ result │ expected │
│       varchar        │ int64  │  int32   │
├──────────────────────┼────────┼──────────┤
│ dev_branch unchanged │      5 │        5 │
└──────────────────────┴────────┴──────────┘
┌───────────┬─────────────┬───────────┬──────────────────┐
│  catalog  │ branch_name │ branch_id │ head_snapshot_id │
│  varchar  │   varchar   │   int64   │      int64       │
├───────────┼─────────────┼───────────┼──────────────────┤
│ test_lake │ main        │         0 │                3 │
└───────────┴─────────────┴───────────┴──────────────────┘
┌────────────────┬────────┬──────────┐
│      test      │ result │ expected │
│    varchar     │ int64  │  int32   │
├────────────────┼────────┼──────────┤
│ main unchanged │      4 │        4 │
└────────────────┴────────┴──────────┘
┌───────────────────────────────────────────────────────────────┐
│                         test_section                          │
│                            varchar                            │
├───────────────────────────────────────────────────────────────┤
│ === TEST 12: Multiple Tables with Different Branch States === │
└───────────────────────────────────────────────────────────────┘
┌───────────┬─────────────┬───────────┬──────────────────┐
│  catalog  │ branch_name │ branch_id │ head_snapshot_id │
│  varchar  │   varchar   │   int64   │      int64       │
├───────────┼─────────────┼───────────┼──────────────────┤
│ test_lake │ main        │         0 │                3 │
└───────────┴─────────────┴───────────┴──────────────────┘
┌────────────────────────┬────────┬──────────┐
│          test          │ result │ expected │
│        varchar         │ int64  │  int32   │
├────────────────────────┼────────┼──────────┤
│ Main departments count │      3 │        3 │
└────────────────────────┴────────┴──────────┘
┌───────────┬───────────────┬──────────────────┐
│ branch_id │  branch_name  │ head_snapshot_id │
│   int64   │    varchar    │      int64       │
├───────────┼───────────────┼──────────────────┤
│         5 │ budget_branch │                5 │
└───────────┴───────────────┴──────────────────┘
┌───────────┬───────────────┬───────────┬──────────────────┐
│  catalog  │  branch_name  │ branch_id │ head_snapshot_id │
│  varchar  │    varchar    │   int64   │      int64       │
├───────────┼───────────────┼───────────┼──────────────────┤
│ test_lake │ budget_branch │         5 │                5 │
└───────────┴───────────────┴───────────┴──────────────────┘
┌─────────────────────────┐
│      test_section       │
│         varchar         │
├─────────────────────────┤
│ === not main branch === │
└─────────────────────────┘
┌─────────────────────────────────┬────────┬──────────┐
│              test               │ result │ expected │
│             varchar             │ int64  │  int32   │
├─────────────────────────────────┼────────┼──────────┤
│ budget_branch departments count │      4 │        4 │
└─────────────────────────────────┴────────┴──────────┘
┌─────────┬───────────────┬──────────────┐
│  test   │    result     │   expected   │
│ varchar │ decimal(15,2) │ decimal(9,2) │
├─────────┴───────────────┴──────────────┤
│                 0 rows                 │
└────────────────────────────────────────┘
┌───────────┬─────────────┬───────────┬──────────────────┐
│  catalog  │ branch_name │ branch_id │ head_snapshot_id │
│  varchar  │   varchar   │   int64   │      int64       │
├───────────┼─────────────┼───────────┼──────────────────┤
│ test_lake │ main        │         0 │                5 │
└───────────┴─────────────┴───────────┴──────────────────┘
┌──────────────────────────┬────────┬──────────┐
│           test           │ result │ expected │
│         varchar          │ int64  │  int32   │
├──────────────────────────┼────────┼──────────┤
│ Main departments still 3 │      3 │        3 │
└──────────────────────────┴────────┴──────────┘
┌───────────────────────────────────┬───────────────┬──────────────┐
│               test                │    result     │   expected   │
│              varchar              │ decimal(15,2) │ decimal(9,2) │
├───────────────────────────────────┼───────────────┼──────────────┤
│ Main Engineering budget unchanged │    1000000.00 │   1000000.00 │
└───────────────────────────────────┴───────────────┴──────────────┘
┌─────────────────────────────────────────────────────┐
│                        info                         │
│                       varchar                       │
├─────────────────────────────────────────────────────┤
│ DEBUG: Data files for departments on budget_branch: │
└─────────────────────────────────────────────────────┘
┌───────────┬──────────────┬──────────┬────────────────┬──────────────┬──────────────┐
│ branch_id │ data_file_id │ table_id │ begin_snapshot │ end_snapshot │ record_count │
│   int64   │    int64     │  int64   │     int64      │    int64     │    int64     │
├───────────┼──────────────┼──────────┼────────────────┼──────────────┼──────────────┤
│         0 │            2 │        2 │              5 │         NULL │            3 │
│         1 │            4 │        2 │              7 │         NULL │            2 │
│         5 │            3 │        2 │              6 │         NULL │            1 │
│         5 │            4 │        2 │              7 │         NULL │            1 │
└───────────┴──────────────┴──────────┴────────────────┴──────────────┴──────────────┘
┌──────────────────────────────────────┐
│                 info                 │
│               varchar                │
├──────────────────────────────────────┤
│ DEBUG: Delete files for departments: │
└──────────────────────────────────────┘
┌───────────┬────────────────┬──────────┬──────────────┬─────────────────────┬────────────────┬──────────────┐
│ branch_id │ delete_file_id │ table_id │ data_file_id │ data_file_branch_id │ begin_snapshot │ delete_count │
│   int64   │     int64      │  int64   │    int64     │        int64        │     int64      │    int64     │
├───────────┼────────────────┼──────────┼──────────────┼─────────────────────┼────────────────┼──────────────┤
│         5 │              5 │        2 │            2 │                   0 │              7 │            1 │
└───────────┴────────────────┴──────────┴──────────────┴─────────────────────┴────────────────┴──────────────┘
┌──────────────────────────────┐
│             info             │
│           varchar            │
├──────────────────────────────┤
│ DEBUG: All departments data: │
└──────────────────────────────┘
┌───────┬─────────────┬───────────────┐
│  id   │    name     │    budget     │
│ int32 │   varchar   │ decimal(15,2) │
├───────┼─────────────┼───────────────┤
│     1 │ Engineering │    1000000.00 │
│     2 │ Sales       │     500000.00 │
│     3 │ Marketing   │     300000.00 │
└───────┴─────────────┴───────────────┘
┌───────────┬──────────┬─────────────┬────────────────┬──────────────┐
│ branch_id │ table_id │ table_name  │ begin_snapshot │ end_snapshot │
│   int64   │  int64   │   varchar   │     int64      │    int64     │
├───────────┼──────────┼─────────────┼────────────────┼──────────────┤
│         0 │        1 │ employees   │              1 │         NULL │
│         0 │        2 │ departments │              4 │         NULL │
│         1 │        2 │ projects    │              6 │         NULL │
└───────────┴──────────┴─────────────┴────────────────┴──────────────┘
┌───────────┬────────────────────┬──────────────────────┐
│ branch_id │ ancestor_branch_id │ max_visible_snapshot │
│   int64   │       int64        │        int64         │
├───────────┼────────────────────┼──────────────────────┤
│         5 │                  0 │                    5 │
│         5 │                  5 │  9223372036854775807 │
└───────────┴────────────────────┴──────────────────────┘
┌───────────┬────────────────────┬──────────────────────┐
│ branch_id │ ancestor_branch_id │ max_visible_snapshot │
│   int64   │       int64        │        int64         │
├───────────┼────────────────────┼──────────────────────┤
│         0 │                  0 │  9223372036854775807 │
│         1 │                  0 │                    2 │
│         1 │                  1 │  9223372036854775807 │
│         2 │                  0 │                    2 │
│         2 │                  2 │  9223372036854775807 │
│         3 │                  0 │                    2 │
│         3 │                  1 │                    8 │
│         3 │                  3 │  9223372036854775807 │
│         4 │                  0 │                    2 │
│         4 │                  1 │                    8 │
│         4 │                  3 │                    9 │
│         4 │                  4 │  9223372036854775807 │
│         5 │                  0 │                    5 │
│         5 │                  5 │  9223372036854775807 │
├───────────┴────────────────────┴──────────────────────┤
│ 14 rows                                     3 columns │
└───────────────────────────────────────────────────────┘
┌───────────┬──────────────┬──────────┬────────────────┬──────────────┬──────────────┐
│ branch_id │ data_file_id │ table_id │ begin_snapshot │ end_snapshot │ record_count │
│   int64   │    int64     │  int64   │     int64      │    int64     │    int64     │
├───────────┼──────────────┼──────────┼────────────────┼──────────────┼──────────────┤
│         0 │            2 │        2 │              5 │         NULL │            3 │
│         5 │            3 │        2 │              6 │         NULL │            1 │
│         5 │            4 │        2 │              7 │         NULL │            1 │
└───────────┴──────────────┴──────────┴────────────────┴──────────────┴──────────────┘
┌───────────────────────────────┐
│             info              │
│            varchar            │
├───────────────────────────────┤
│ File 2 (main original): @@@@@ │
└───────────────────────────────┘
┌───────────┬───────────────┬───────────┬──────────────────┐
│  catalog  │  branch_name  │ branch_id │ head_snapshot_id │
│  varchar  │    varchar    │   int64   │      int64       │
├───────────┼───────────────┼───────────┼──────────────────┤
│ test_lake │ budget_branch │         5 │                7 │
└───────────┴───────────────┴───────────┴──────────────────┘
┌───────┬─────────────┬───────────────┐
│  id   │    name     │    budget     │
│ int32 │   varchar   │ decimal(15,2) │
├───────┼─────────────┼───────────────┤
│     2 │ Sales       │     500000.00 │
│     3 │ Marketing   │     300000.00 │
│     4 │ HR          │     200000.00 │
│     1 │ Engineering │    1500000.00 │
└───────┴─────────────┴───────────────┘
┌───────────┬──────────────┬───────────────────────────────────────────────────────┬──────────────┐
│ branch_id │ data_file_id │                         path                          │ record_count │
│   int64   │    int64     │                        varchar                        │    int64     │
├───────────┼──────────────┼───────────────────────────────────────────────────────┼──────────────┤
│         0 │            2 │ ducklake-019b5bf8-07a1-744b-8572-db47929c52a7.parquet │            3 │
│         1 │            4 │ ducklake-019b5bf8-0709-701c-ac98-21dee80664cc.parquet │            2 │
│         5 │            3 │ ducklake-019b5bf8-07b1-7134-bad3-e17107dbb904.parquet │            1 │
│         5 │            4 │ ducklake-019b5bf8-07b8-7570-b700-272be22139cc.parquet │            1 │
└───────────┴──────────────┴───────────────────────────────────────────────────────┴──────────────┘
┌───────────┬────────────────┬──────────┬────────────────┬──────────────┬──────────────┬─────────────────────┬──────────────────────────────────────────────────────────────┬──────────────────┬─────────┬──────────────┬─────────────────┬─────────────┬────────────────┬───────────────────────────────────────────────────────┐
│ branch_id │ delete_file_id │ table_id │ begin_snapshot │ end_snapshot │ data_file_id │ data_file_branch_id │                             path                             │ path_is_relative │ format  │ delete_count │ file_size_bytes │ footer_size │ encryption_key │                    data_file_path                     │
│   int64   │     int64      │  int64   │     int64      │    int64     │    int64     │        int64        │                           varchar                            │     boolean      │ varchar │    int64     │      int64      │    int64    │    varchar     │                        varchar                        │
├───────────┼────────────────┼──────────┼────────────────┼──────────────┼──────────────┼─────────────────────┼──────────────────────────────────────────────────────────────┼──────────────────┼─────────┼──────────────┼─────────────────┼─────────────┼────────────────┼───────────────────────────────────────────────────────┤
│         5 │              5 │        2 │              7 │         NULL │            2 │                   0 │ ducklake-019b5bf8-07b8-7daf-b951-7d07f24da270-delete.parquet │ true             │ parquet │            1 │             812 │         643 │ NULL           │ ducklake-019b5bf8-07a1-744b-8572-db47929c52a7.parquet │
└───────────┴────────────────┴──────────┴────────────────┴──────────────┴──────────────┴─────────────────────┴──────────────────────────────────────────────────────────────┴──────────────────┴─────────┴──────────────┴─────────────────┴─────────────┴────────────────┴───────────────────────────────────────────────────────┘
